#-----------------------------------------------------------
# Vivado v2020.2 (64-bit)
# SW Build 3064766 on Wed Nov 18 09:12:45 MST 2020
# IP Build 3064653 on Wed Nov 18 14:17:31 MST 2020
# Start of session at: Sat Nov  6 21:16:45 2021
# Process ID: 18904
# Current directory: E:/arch_labs_2021/lab3/Exp3/Exp3
# Command line: vivado.exe -gui_launcher_event rodinguilauncherevent12052 E:\arch_labs_2021\lab3\Exp3\Exp3\Exp3.xpr
# Log file: E:/arch_labs_2021/lab3/Exp3/Exp3/vivado.log
# Journal file: E:/arch_labs_2021/lab3/Exp3/Exp3\vivado.jou
#-----------------------------------------------------------
start_gui
open_project E:/arch_labs_2021/lab3/Exp3/Exp3/Exp3.xpr
update_compile_order -fileset sources_1
launch_simulation
open_wave_config E:/arch_labs_2021/lab3/Exp3/Exp3/code/wave/cache_sim_behav.wcfg
source cache_sim.tcl
close_sim
launch_simulation
open_wave_config E:/arch_labs_2021/lab3/Exp3/Exp3/code/wave/cache_sim_behav.wcfg
source cache_sim.tcl
close_sim
launch_simulation
open_wave_config E:/arch_labs_2021/lab3/Exp3/Exp3/code/wave/cache_sim_behav.wcfg
source cache_sim.tcl
close_sim
launch_simulation
open_wave_config E:/arch_labs_2021/lab3/Exp3/Exp3/code/wave/cache_sim_behav.wcfg
source cache_sim.tcl
close_sim
launch_simulation
open_wave_config E:/arch_labs_2021/lab3/Exp3/Exp3/code/wave/cache_sim_behav.wcfg
source cache_sim.tcl
close_sim
launch_simulation
open_wave_config E:/arch_labs_2021/lab3/Exp3/Exp3/code/wave/cache_sim_behav.wcfg
source cache_sim.tcl
save_wave_config {E:/arch_labs_2021/lab3/Exp3/Exp3/code/wave/cache_sim_behav.wcfg}
close_sim
launch_simulation
open_wave_config E:/arch_labs_2021/lab3/Exp3/Exp3/code/wave/cache_sim_behav.wcfg
source cache_sim.tcl
save_wave_config {E:/arch_labs_2021/lab3/Exp3/Exp3/code/wave/cache_sim_behav.wcfg}
close_sim
launch_simulation
open_wave_config E:/arch_labs_2021/lab3/Exp3/Exp3/code/wave/cache_sim_behav.wcfg
source cache_sim.tcl
close_sim
