logic__2224: FU_mem, 
datapath__14: RV32core__GB1, 
reg__188: FU_mem, 
datapath__66: top__GC0, 
muxpart__138: FU_mem, 
case__126: RV32core__GB1, 
logic__216: RV32core__GB1, 
logic__1952: FU_mem, 
logic__1820: FU_mem, 
muxpart__84: FU_mem, 
logic__217: RV32core__GB1, 
reg__222: FU_mem, 
logic__163: RV32core__GB1, 
logic__1657: FU_mem, 
logic__2045: FU_mem, 
logic__141: RV32core__GB1, 
reg__205: FU_mem, 
case__173: RV32core__GB1, 
logic__1193: RV32core__GB1, 
reg__246: RV32core__GB1, 
logic__2193: FU_mem, 
case__262: FU_mem, 
reg__264: top__GC0, 
muxpart__152: FU_mem, 
case__423: top__GC0, 
logic__80: top__GC0, 
case__195: RV32core__GB1, 
case__340: FU_mem, 
logic__1883: FU_mem, 
datapath__60: top__GC0, 
logic__2519: top__GC0, 
reg__144: FU_mem, 
ImmGen: RV32core__GB1, 
case__325: FU_mem, 
logic__2025: FU_mem, 
logic__1560: FU_mem, 
logic__2262: FU_mem, 
muxpart__303: FU_mem, 
logic__192: RV32core__GB1, 
logic__703: RV32core__GB1, 
reg__115: FU_mem, 
datapath__23: RV32core__GB1, 
case__103: RV32core__GB1, 
logic__2347: FU_mem, 
case__396: FU_mem, 
muxpart__25: top__GC0, 
case__90: RV32core__GB1, 
muxpart__227: FU_mem, 
muxpart__260: FU_mem, 
case__204: RV32core__GB1, 
logic__2162: FU_mem, 
case__207: RV32core__GB1, 
logic__2447: FU_mem, 
case__221: RV32core__GB1, 
case__100: RV32core__GB1, 
datapath__46: RV32core__GB1, 
muxpart__111: FU_mem, 
case__114: RV32core__GB1, 
datapath__64: top__GC0, 
case__234: RV32core__GB1, 
reg__244: RV32core__GB1, 
case__133: RV32core__GB1, 
logic__2298: FU_mem, 
case__49: top__GC0, 
case__208: RV32core__GB1, 
logic__1909: FU_mem, 
FU_ALU: RV32core__GB1, 
logic__2115: FU_mem, 
case__285: FU_mem, 
muxpart__114: FU_mem, 
case__357: FU_mem, 
logic__2209: FU_mem, 
muxpart__310: FU_mem, 
logic__2189: FU_mem, 
logic__125: top__GC0, 
reg__133: FU_mem, 
logic__2509: top__GC0, 
muxpart__196: FU_mem, 
logic__2051: FU_mem, 
case__227: RV32core__GB1, 
case__146: RV32core__GB1, 
reg__33: RV32core__GB1, 
logic__146: RV32core__GB1, 
case__22: top__GC0, 
case__179: RV32core__GB1, 
muxpart__217: FU_mem, 
case__186: RV32core__GB1, 
muxpart__56: FU_mem, 
datapath__72: top__GC0, 
case__415: RV32core__GB1, 
case__313: FU_mem, 
datapath__5: RV32core__GB1, 
logic__1738: FU_mem, 
muxpart__61: FU_mem, 
reg__54: RV32core__GB1, 
counter__3: top__GC0, 
muxpart__41: RV32core__GB1, 
muxpart__80: FU_mem, 
case__440: top__GC0, 
logic__209: RV32core__GB1, 
muxpart__28: top__GC0, 
logic__1850: FU_mem, 
muxpart__271: FU_mem, 
logic__1436: FU_mem, 
case__349: FU_mem, 
logic__46: top__GC0, 
muxpart__242: FU_mem, 
muxpart__42: RV32core__GB1, 
reg__185: FU_mem, 
case__152: RV32core__GB1, 
logic__2418: FU_mem, 
datapath__35: RV32core__GB1, 
case__316: FU_mem, 
case__108: RV32core__GB1, 
reg__165: FU_mem, 
muxpart__263: FU_mem, 
reg__44: RV32core__GB1, 
logic__2107: FU_mem, 
reg__182: FU_mem, 
logic__202: RV32core__GB1, 
case__140: RV32core__GB1, 
muxpart__162: FU_mem, 
case__174: RV32core__GB1, 
muxpart__219: FU_mem, 
logic__2217: FU_mem, 
logic__2607: top__GC0, 
case__233: RV32core__GB1, 
case__260: FU_mem, 
logic__73: top__GC0, 
logic__176: RV32core__GB1, 
muxpart__208: FU_mem, 
reg__48: RV32core__GB1, 
reg__167: FU_mem, 
logic__1500: FU_mem, 
logic__1180: RV32core__GB1, 
case__275: FU_mem, 
reg__175: FU_mem, 
reg__43: RV32core__GB1, 
case__240: FU_mem, 
muxpart__62: FU_mem, 
reg__63: RV32core__GB1, 
logic__598: RV32core__GB1, 
logic__2232: FU_mem, 
logic__976: RV32core__GB1, 
muxpart__294: FU_mem, 
logic__317: RV32core__GB1, 
case__397: FU_mem, 
logic__2378: FU_mem, 
logic__2563: top__GC0, 
logic__1783: FU_mem, 
logic__1993: FU_mem, 
case__371: FU_mem, 
logic__1924: FU_mem, 
case__416: top__GC0, 
case__354: FU_mem, 
logic__2250: FU_mem, 
datapath__44: RV32core__GB1, 
logic__2235: FU_mem, 
logic__1980: FU_mem, 
datapath__18: RV32core__GB1, 
logic__319: RV32core__GB1, 
logic__2125: FU_mem, 
case__91: RV32core__GB1, 
muxpart__278: FU_mem, 
reg__229: FU_mem, 
logic__2239: FU_mem, 
case__407: FU_mem, 
logic__222: RV32core__GB1, 
muxpart__237: FU_mem, 
case__160: RV32core__GB1, 
logic__2587: top__GC0, 
logic__1590: FU_mem, 
logic__1532: FU_mem, 
case__434: top__GC0, 
muxpart__216: FU_mem, 
muxpart__181: FU_mem, 
case__34: top__GC0, 
logic__155: RV32core__GB1, 
logic__1715: FU_mem, 
case__89: RV32core__GB1, 
reg__130: FU_mem, 
logic__2304: FU_mem, 
muxpart__87: FU_mem, 
reg__52: RV32core__GB1, 
logic__2119: FU_mem, 
logic__90: top__GC0, 
datapath__25: RV32core__GB1, 
logic__2525: top__GC0, 
case__67: RV32core__GB1, 
case__346: FU_mem, 
case__178: RV32core__GB1, 
logic__1856: FU_mem, 
muxpart__320: FU_mem, 
reg__110: FU_mem, 
case__323: FU_mem, 
datapath__41: RV32core__GB1, 
logic__1140: RV32core__GB1, 
reg__85: RV32core__GB1, 
logic__1200: RV32core__GB1, 
reg__168: FU_mem, 
muxpart__113: FU_mem, 
logic__2253: FU_mem, 
datapath__45: RV32core__GB1, 
muxpart__185: FU_mem, 
reg__234: FU_mem, 
muxpart__313: FU_mem, 
reg__189: FU_mem, 
case__121: RV32core__GB1, 
muxpart__115: FU_mem, 
reg__213: FU_mem, 
logic__2340: FU_mem, 
logic__2242: FU_mem, 
reg__160: FU_mem, 
case__187: RV32core__GB1, 
case__261: FU_mem, 
case__433: top__GC0, 
logic__2556: top__GC0, 
muxpart__101: FU_mem, 
reg__252: top__GC0, 
logic__346: RV32core__GB1, 
muxpart__225: FU_mem, 
case__68: RV32core__GB1, 
muxpart__284: FU_mem, 
case__305: FU_mem, 
datapath__56: top__GC0, 
datapath__26: RV32core__GB1, 
logic__1240: RV32core__GB1, 
case__428: top__GC0, 
case__331: FU_mem, 
case__363: FU_mem, 
reg__215: FU_mem, 
muxpart__218: FU_mem, 
reg__111: FU_mem, 
muxpart__40: RV32core__GB1, 
muxpart__180: FU_mem, 
VGA_TESTP: top__GC0, 
case__54: top__GC0, 
case__73: RV32core__GB1, 
muxpart__268: FU_mem, 
debug_clk: RV32core__GB1, 
case__230: RV32core__GB1, 
MUX2T1_32: RV32core__GB1, 
reg__254: top__GC0, 
case__245: FU_mem, 
reg__225: FU_mem, 
muxpart__19: top__GC0, 
reg__89: RV32core__GB1, 
case__329: FU_mem, 
logic__1944: FU_mem, 
reg__248: top__GC0, 
logic__2386: FU_mem, 
logic__2301: FU_mem, 
logic__2267: FU_mem, 
case__213: RV32core__GB1, 
reg__198: FU_mem, 
logic__2505: top__GC0, 
logic__1780: FU_mem, 
reg__224: FU_mem, 
logic__1429: FU_mem, 
reg__159: FU_mem, 
logic__2405: FU_mem, 
logic__204: RV32core__GB1, 
muxpart__95: FU_mem, 
case__294: FU_mem, 
case__347: FU_mem, 
logic__2196: FU_mem, 
muxpart__90: FU_mem, 
logic__1214: RV32core__GB1, 
case__390: FU_mem, 
case__429: top__GC0, 
datapath__11: RV32core__GB1, 
top__GC0: top__GC0, 
case__215: RV32core__GB1, 
reg__107: FU_mem, 
logic__187: RV32core__GB1, 
reg__209: FU_mem, 
reg__98: RV32core__GB1, 
muxpart__121: FU_mem, 
muxpart__72: FU_mem, 
logic__1888: FU_mem, 
logic__1258: RV32core__GB1, 
logic__75: top__GC0, 
logic__42: top__GC0, 
logic__1236: RV32core__GB1, 
case__185: RV32core__GB1, 
logic__180: RV32core__GB1, 
case__105: RV32core__GB1, 
case__383: FU_mem, 
case__232: RV32core__GB1, 
case__248: FU_mem, 
muxpart__315: FU_mem, 
reg__23: RV32core__GB1, 
logic__2454: FU_mem, 
logic__977: RV32core__GB1, 
reg__88: RV32core__GB1, 
case__311: FU_mem, 
logic__1842: FU_mem, 
muxpart__301: FU_mem, 
case__430: top__GC0, 
case__46: top__GC0, 
logic__1901: FU_mem, 
case__274: FU_mem, 
logic__2379: FU_mem, 
muxpart__99: FU_mem, 
case__6: top__GC0, 
logic__169: RV32core__GB1, 
case__7: top__GC0, 
logic__1215: RV32core__GB1, 
case__106: RV32core__GB1, 
logic__2592: top__GC0, 
datapath__4: RV32core__GB1, FU_mem, 
case__295: FU_mem, 
logic__153: RV32core__GB1, 
case__236: FU_mem, 
logic__220: RV32core__GB1, 
reg__6: top__GC0, 
logic__156: RV32core__GB1, 
logic__2581: top__GC0, 
muxpart__281: FU_mem, 
case__258: FU_mem, 
reg__219: FU_mem, 
logic__1690: FU_mem, 
logic__126: RV32core__GB1, 
MUX8T1_32: RV32core__GB1, 
muxpart__83: FU_mem, 
case__168: RV32core__GB1, 
muxpart__239: FU_mem, 
muxpart__71: FU_mem, 
logic__325: RV32core__GB1, 
case__166: RV32core__GB1, 
logic__200: RV32core__GB1, 
logic__2608: top__GC0, 
logic__1629: FU_mem, 
logic__167: RV32core__GB1, 
reg__137: FU_mem, 
muxpart__267: FU_mem, 
logic__1279: RV32core__GB1, 
reg__74: RV32core__GB1, 
muxpart__157: FU_mem, 
logic__2184: FU_mem, 
reg__263: top__GC0, 
case__193: RV32core__GB1, 
logic__322: RV32core__GB1, 
case__362: FU_mem, 
logic__111: top__GC0, 
reg__90: RV32core__GB1, 
muxpart__172: FU_mem, 
logic__105: top__GC0, 
case__75: RV32core__GB1, 
case__426: top__GC0, 
case__353: FU_mem, 
case__421: top__GC0, 
logic__1836: FU_mem, 
muxpart__240: FU_mem, 
datapath__63: top__GC0, 
case__335: FU_mem, 
case__35: top__GC0, 
case__177: RV32core__GB1, 
muxpart__151: FU_mem, 
muxpart__127: FU_mem, 
logic__2504: RV32core__GB1, 
logic__1714: FU_mem, 
reg__142: FU_mem, 
muxpart__48: FU_mem, 
muxpart__155: FU_mem, 
muxpart__262: FU_mem, 
logic__1859: FU_mem, 
muxpart__289: FU_mem, 
logic__1904: FU_mem, 
case__307: FU_mem, 
case__399: FU_mem, 
logic__186: RV32core__GB1, 
muxpart__93: FU_mem, 
datapath__58: top__GC0, 
case__102: RV32core__GB1, 
reg__103: FU_mem, 
logic__2647: top__GC0, 
muxpart__279: FU_mem, 
logic__2529: top__GC0, 
logic__1206: RV32core__GB1, 
logic__1678: FU_mem, 
logic__1228: RV32core__GB1, 
datapath__13: RV32core__GB1, 
logic__2227: FU_mem, 
case__165: RV32core__GB1, 
reg__143: FU_mem, 
case__304: FU_mem, 
logic__451: RV32core__GB1, 
logic__1671: FU_mem, 
logic__2533: top__GC0, 
logic__160: RV32core__GB1, 
case__308: FU_mem, 
muxpart__222: FU_mem, 
reg__129: FU_mem, 
muxpart__170: FU_mem, 
case__392: FU_mem, 
case__63: RV32core__GB1, 
reg__257: top__GC0, 
case__97: RV32core__GB1, 
logic__2273: FU_mem, 
muxpart__66: FU_mem, 
datapath__8: RV32core__GB1, 
logic__144: RV32core__GB1, 
reg__32: RV32core__GB1, 
case__107: RV32core__GB1, 
logic__184: RV32core__GB1, 
logic__1965: FU_mem, 
reg__17: top__GC0, 
logic__1762: FU_mem, 
case__125: RV32core__GB1, 
logic__110: top__GC0, 
muxpart__250: FU_mem, 
reg__249: top__GC0, 
logic__2128: FU_mem, 
case__299: FU_mem, 
logic__1156: RV32core__GB1, 
logic__892: RV32core__GB1, 
muxpart__116: FU_mem, 
Regs: RV32core__GB1, 
logic__1077: RV32core__GB1, 
reg__206: FU_mem, 
logic__41: top__GC0, 
case__27: top__GC0, 
logic__1229: RV32core__GB1, 
muxpart__288: FU_mem, 
muxpart__285: FU_mem, 
case__377: FU_mem, 
case__370: FU_mem, 
case__153: RV32core__GB1, 
reg__163: FU_mem, 
logic__2383: FU_mem, 
case__342: FU_mem, 
case__137: RV32core__GB1, 
muxpart__233: FU_mem, 
reg__231: FU_mem, 
reg__153: FU_mem, 
logic__1619: FU_mem, 
logic__1373: FU_mem, 
reg__256: top__GC0, 
muxpart__58: FU_mem, 
logic__2606: top__GC0, 
logic__2596: top__GC0, 
reg__60: RV32core__GB1, 
logic__2632: top__GC0, 
logic__152: RV32core__GB1, 
reg__242: RV32core__GB1, 
case__223: RV32core__GB1, 
logic__1964: FU_mem, 
muxpart__104: FU_mem, 
muxpart__244: FU_mem, 
logic__745: RV32core__GB1, 
case__65: RV32core__GB1, 
datapath__74: top__GC0, 
case__162: RV32core__GB1, 
case__352: FU_mem, 
muxpart__146: FU_mem, 
logic__1626: FU_mem, 
case__273: FU_mem, 
muxpart__22: top__GC0, 
logic__1067: RV32core__GB1, 
reg__232: FU_mem, 
datapath: top__GC0, 
case__249: FU_mem, 
muxpart__112: FU_mem, 
muxpart__299: FU_mem, 
case__61: RV32core__GB1, 
datapath__75: top__GC0, 
logic__1562: FU_mem, 
muxpart__198: FU_mem, 
logic__148: RV32core__GB1, 
muxpart__251: FU_mem, 
logic__188: RV32core__GB1, 
datapath__12: RV32core__GB1, 
muxpart__270: FU_mem, 
reg__155: FU_mem, 
case__442: top__GC0, 
logic: top__GC0, 
muxpart__193: FU_mem, 
muxpart__195: FU_mem, 
case__438: top__GC0, 
datapath__62: top__GC0, 
reg__177: FU_mem, 
muxpart__291: FU_mem, 
logic__993: RV32core__GB1, 
muxpart__103: FU_mem, 
btn_scan: top__GC0, 
logic__1593: FU_mem, 
case__115: RV32core__GB1, 
muxpart__241: FU_mem, 
case__272: FU_mem, 
case__279: FU_mem, 
logic__8: top__GC0, 
logic__2350: FU_mem, 
logic__994: RV32core__GB1, 
logic__76: top__GC0, 
case__336: FU_mem, 
muxpart__183: FU_mem, 
logic__1636: FU_mem, 
case__157: RV32core__GB1, 
case__118: RV32core__GB1, 
logic__1548: FU_mem, 
logic__147: RV32core__GB1, 
logic__1735: FU_mem, 
Code2Inst: top__GC0, 
muxpart__295: FU_mem, 
muxpart__261: FU_mem, 
logic__207: RV32core__GB1, 
logic__1938: FU_mem, 
logic__173: RV32core__GB1, 
reg__29: RV32core__GB1, 
logic__1650: FU_mem, 
muxpart__253: FU_mem, 
muxpart__123: FU_mem, 
logic__1930: FU_mem, 
muxpart__129: FU_mem, 
ram: top__GC0, 
logic__1787: FU_mem, 
reg__72: RV32core__GB1, 
extram: top__GC0, 
logic__2087: FU_mem, 
logic__137: RV32core__GB1, 
reg__113: FU_mem, 
muxpart__75: FU_mem, 
case__132: RV32core__GB1, 
muxpart__199: FU_mem, 
pla: RV32core__GB1, 
logic__196: RV32core__GB1, 
datapath__50: RV32core__GB1, 
case__266: FU_mem, 
case__333: FU_mem, 
muxpart__153: FU_mem, 
reg__119: FU_mem, 
case__130: RV32core__GB1, 
muxpart__231: FU_mem, 
logic__955: RV32core__GB1, 
FU_mul: RV32core__GB1, 
case__211: RV32core__GB1, 
case__197: RV32core__GB1, 
case__337: FU_mem, 
logic__1225: RV32core__GB1, 
logic__2393: FU_mem, 
case__277: FU_mem, 
case__9: top__GC0, 
logic__2015: FU_mem, 
reg__53: RV32core__GB1, 
case__192: RV32core__GB1, 
logic__1742: FU_mem, 
reg__79: RV32core__GB1, 
reg__161: FU_mem, 
muxpart__51: FU_mem, 
muxpart__252: FU_mem, 
reg__140: FU_mem, 
muxpart__312: FU_mem, 
case__330: FU_mem, 
logic__2477: RV32core__GB1, 
muxpart__248: FU_mem, 
case__267: FU_mem, 
logic__199: RV32core__GB1, 
case__145: RV32core__GB1, 
case__229: RV32core__GB1, 
datapath__17: RV32core__GB1, 
reg__166: FU_mem, 
muxpart__16: top__GC0, 
datapath__57: top__GC0, 
logic__2333: FU_mem, 
reg__196: FU_mem, 
case__318: FU_mem, 
case__381: FU_mem, 
muxpart__220: FU_mem, 
muxpart__107: FU_mem, 
case__257: FU_mem, 
case__47: top__GC0, 
case__269: FU_mem, 
logic__1721: FU_mem, 
reg__31: RV32core__GB1, 
logic__195: RV32core__GB1, 
logic__323: RV32core__GB1, 
case__51: top__GC0, 
datapath__49: RV32core__GB1, 
muxpart__259: FU_mem, 
logic__91: top__GC0, 
muxpart__224: FU_mem, 
reg__109: FU_mem, 
datapath__70: top__GC0, 
muxpart__323: RV32core__GB1, 
case__298: FU_mem, 
muxpart__308: FU_mem, 
datapath__42: RV32core__GB1, 
logic__2014: FU_mem, 
case__270: FU_mem, 
case__404: FU_mem, 
muxpart__142: FU_mem, 
logic__2536: top__GC0, 
muxpart__59: FU_mem, 
case__183: RV32core__GB1, 
logic__219: RV32core__GB1, 
logic__85: top__GC0, 
reg__56: RV32core__GB1, 
logic__1256: RV32core__GB1, 
muxpart__287: FU_mem, 
case__376: FU_mem, 
muxpart__275: FU_mem, 
case__341: FU_mem, 
multiplier: RV32core__GB1, 
reg__122: FU_mem, 
reg__57: RV32core__GB1, 
logic__1239: RV32core__GB1, 
logic__1213: RV32core__GB1, 
datapath__24: RV32core__GB1, 
muxpart__145: FU_mem, 
logic__2083: FU_mem, 
muxpart__32: top__GC0, 
case__84: RV32core__GB1, 
muxpart__169: FU_mem, 
logic__164: RV32core__GB1, 
reg__8: top__GC0, 
case__129: RV32core__GB1, 
muxpart__47: FU_mem, 
reg__241: RV32core__GB1, 
logic__2609: top__GC0, 
case__334: FU_mem, 
logic__1244: RV32core__GB1, 
logic__2463: FU_mem, 
muxpart__64: FU_mem, 
logic__1254: RV32core__GB1, 
reg__76: RV32core__GB1, 
case__175: RV32core__GB1, 
reg__124: FU_mem, 
logic__2343: FU_mem, 
muxpart__124: FU_mem, 
muxpart__65: FU_mem, 
case__235: FU_mem, 
muxpart__160: FU_mem, 
case__306: FU_mem, 
logic__1916: FU_mem, 
logic__2641: top__GC0, 
reg__238: RV32core__GB1, 
muxpart__88: FU_mem, 
logic__7: top__GC0, 
logic__2120: FU_mem, 
logic__2137: FU_mem, 
muxpart__158: FU_mem, 
datapath__3: top__GC0, 
case__194: RV32core__GB1, 
logic__1985: FU_mem, 
case__406: FU_mem, 
reg__83: RV32core__GB1, 
reg__227: FU_mem, 
case__284: FU_mem, 
logic__2560: top__GC0, 
case__48: top__GC0, 
logic__1960: FU_mem, 
case__281: FU_mem, 
logic__1747: FU_mem, 
reg__94: RV32core__GB1, 
reg__106: FU_mem, 
logic__159: RV32core__GB1, 
datapath__37: RV32core__GB1, 
muxpart__52: FU_mem, 
logic__2011: FU_mem, 
case__58: RV32core__GB1, 
muxpart__73: FU_mem, 
logic__1674: FU_mem, 
case__116: RV32core__GB1, 
case__443: top__GC0, 
reg__212: FU_mem, 
logic__2462: FU_mem, 
logic__174: RV32core__GB1, 
muxpart__82: FU_mem, 
muxpart__49: FU_mem, 
case__161: RV32core__GB1, 
reg__193: FU_mem, 
case__189: RV32core__GB1, 
case__246: FU_mem, 
muxpart__318: FU_mem, 
muxpart__119: FU_mem, 
logic__1238: RV32core__GB1, 
logic__1651: FU_mem, 
logic__1253: RV32core__GB1, 
case__369: FU_mem, 
muxpart__109: FU_mem, 
reg__217: FU_mem, 
muxpart__166: FU_mem, 
case__50: top__GC0, 
case__66: RV32core__GB1, 
datapath__73: top__GC0, 
logic__2602: top__GC0, 
logic__1246: RV32core__GB1, 
logic__1851: FU_mem, 
reg__180: FU_mem, 
muxpart__131: FU_mem, 
case__99: RV32core__GB1, 
muxpart__214: FU_mem, 
logic__1729: FU_mem, 
reg__208: FU_mem, 
logic__1801: FU_mem, 
logic__221: RV32core__GB1, 
muxpart__207: FU_mem, 
muxpart__132: FU_mem, 
case__441: top__GC0, 
case__53: top__GC0, 
logic__2309: FU_mem, 
case__142: RV32core__GB1, 
muxpart__26: top__GC0, 
muxpart__234: FU_mem, 
logic__166: RV32core__GB1, 
logic__1830: FU_mem, 
muxpart__189: FU_mem, 
logic__2466: RV32core__GB1, 
logic__2511: top__GC0, 
reg__169: FU_mem, 
reg__253: top__GC0, 
logic__1263: RV32core__GB1, 
logic__1614: FU_mem, 
muxpart__305: FU_mem, 
logic__619: RV32core__GB1, 
logic__179: RV32core__GB1, 
muxpart__85: FU_mem, 
case__210: RV32core__GB1, 
muxpart__205: FU_mem, 
muxpart__55: FU_mem, 
muxpart__192: FU_mem, 
reg__36: RV32core__GB1, 
reg__25: RV32core__GB1, 
case__81: RV32core__GB1, 
reg__221: FU_mem, 
muxpart__125: FU_mem, 
muxpart__258: FU_mem, 
logic__2577: top__GC0, 
muxpart__74: FU_mem, 
datapath__40: RV32core__GB1, 
muxpart__57: FU_mem, 
muxpart__300: FU_mem, 
logic__206: RV32core__GB1, 
logic__472: RV32core__GB1, 
reg__67: RV32core__GB1, 
logic__2425: FU_mem, 
muxpart__122: FU_mem, 
datapath__55: top__GC0, 
logic__9: top__GC0, 
case__148: RV32core__GB1, 
reg__75: RV32core__GB1, 
case__356: FU_mem, 
logic__101: top__GC0, 
logic__1237: RV32core__GB1, 
case__319: FU_mem, 
case__400: FU_mem, 
case__389: FU_mem, 
reg__84: RV32core__GB1, 
case__158: RV32core__GB1, 
logic__1951: FU_mem, 
reg__184: FU_mem, 
reg__21: RV32core__GB1, 
display: top__GC0, 
logic__225: RV32core__GB1, 
logic__182: RV32core__GB1, 
logic__1191: RV32core__GB1, 
logic__2286: FU_mem, 
logic__1933: FU_mem, 
muxpart__322: FU_mem, 
logic__2175: FU_mem, 
case__338: FU_mem, 
logic__1039: RV32core__GB1, 
case__431: top__GC0, 
logic__1767: FU_mem, 
case__253: FU_mem, 
reg__259: top__GC0, 
case__149: RV32core__GB1, 
muxpart__304: FU_mem, 
muxpart__44: RV32core__GB1, 
datapath__59: top__GC0, 
case__309: FU_mem, 
datapath__48: RV32core__GB1, 
case__226: RV32core__GB1, 
muxpart__202: FU_mem, 
logic__724: RV32core__GB1, 
case__398: FU_mem, 
case__395: FU_mem, 
reg__197: FU_mem, 
case__344: FU_mem, 
logic__2367: FU_mem, 
logic__2372: FU_mem, 
logic__1939: FU_mem, 
datapath__6: RV32core__GB1, 
muxpart__43: RV32core__GB1, 
case__11: top__GC0, 
case__387: FU_mem, 
case__321: FU_mem, 
case__147: RV32core__GB1, 
logic__193: RV32core__GB1, 
muxpart__149: FU_mem, 
case__244: FU_mem, 
case__139: RV32core__GB1, 
logic__1111: RV32core__GB1, 
case__358: FU_mem, 
logic__2436: FU_mem, 
datapath__39: RV32core__GB1, 
muxpart__286: FU_mem, 
case__222: RV32core__GB1, 
logic__1877: FU_mem, 
logic__2212: FU_mem, 
logic__367: RV32core__GB1, 
muxpart__148: FU_mem, 
logic__145: RV32core__GB1, 
muxpart__163: FU_mem, 
muxpart__100: FU_mem, 
logic__208: RV32core__GB1, 
muxpart__236: FU_mem, 
logic__100: top__GC0, 
case__82: RV32core__GB1, 
muxpart__298: FU_mem, 
case__310: FU_mem, 
muxpart__276: FU_mem, 
reg__3: top__GC0, 
reg__236: RV32core__GB1, 
datapath__7: RV32core__GB1, 
reg__35: RV32core__GB1, 
logic__2520: top__GC0, 
datapath__1: top__GC0, 
reg__136: FU_mem, 
logic__2322: FU_mem, 
logic__2552: top__GC0, 
muxpart__31: top__GC0, 
reg__78: RV32core__GB1, 
reg__245: RV32core__GB1, 
muxpart__188: FU_mem, 
reg__258: top__GC0, 
logic__2396: FU_mem, 
logic__2289: FU_mem, 
case__164: RV32core__GB1, 
reg__26: RV32core__GB1, 
muxpart__179: FU_mem, 
datapath__19: RV32core__GB1, 
logic__514: RV32core__GB1, 
case__224: RV32core__GB1, 
logic__2074: FU_mem, 
muxpart__283: FU_mem, 
reg__183: FU_mem, 
case__312: FU_mem, 
logic__2635: top__GC0, 
case__412: RV32core__GB1, 
logic__1309: FU_mem, 
logic__1252: RV32core__GB1, 
reg__139: FU_mem, 
logic__2389: FU_mem, 
logic__2075: FU_mem, 
logic__2614: top__GC0, 
muxpart__200: FU_mem, 
logic__1259: RV32core__GB1, 
logic__223: RV32core__GB1, 
logic__1775: FU_mem, 
muxpart__311: FU_mem, 
case__163: RV32core__GB1, 
logic__1211: RV32core__GB1, 
reg__218: FU_mem, 
case__365: FU_mem, 
reg__149: FU_mem, 
datapath__34: RV32core__GB1, 
logic__158: RV32core__GB1, 
logic__95: top__GC0, 
logic__1242: RV32core__GB1, 
logic__1212: RV32core__GB1, 
reg__187: FU_mem, 
reg__68: RV32core__GB1, 
case__198: RV32core__GB1, 
case__292: FU_mem, 
logic__236: RV32core__GB1, 
case__388: FU_mem, 
logic__1874: FU_mem, 
muxpart__126: FU_mem, 
logic__2656: top__GC0, 
reg__69: RV32core__GB1, 
rom: top__GC0, 
reg__102: FU_mem, 
logic__1433: FU_mem, 
logic__1761: FU_mem, 
reg__251: top__GC0, 
reg__145: FU_mem, 
case__242: FU_mem, 
logic__2465: RV32core__GB1, 
case__375: FU_mem, 
muxpart__175: FU_mem, 
reg__125: FU_mem, 
logic__1296: RV32core__GB1, 
counter__2: top__GC0, 
muxpart__97: FU_mem, 
case__302: FU_mem, 
logic__2080: FU_mem, 
logic__2038: FU_mem, 
case__76: RV32core__GB1, 
muxpart__209: FU_mem, 
muxpart__110: FU_mem, 
logic__2106: FU_mem, 
logic__1026: RV32core__GB1, 
logic__197: RV32core__GB1, 
logic__1895: FU_mem, 
case__59: RV32core__GB1, 
logic__1435: FU_mem, 
logic__2228: FU_mem, 
muxpart__223: FU_mem, 
case__366: FU_mem, 
reg__38: RV32core__GB1, 
logic__2464: RV32core__GB1, 
logic__2332: FU_mem, 
muxpart__77: FU_mem, 
muxpart__161: FU_mem, 
logic__2590: top__GC0, 
logic__2470: RV32core__GB1, 
logic__1201: RV32core__GB1, 
reg__146: FU_mem, 
case__256: FU_mem, 
logic__2660: top__GC0, 
muxpart__327: top__GC0, 
logic__1882: FU_mem, 
logic__2199: FU_mem, 
reg__233: FU_mem, 
case__218: RV32core__GB1, 
case: top__GC0, 
logic__321: RV32core__GB1, 
muxpart__221: FU_mem, 
muxpart__98: FU_mem, 
case__119: RV32core__GB1, 
case__172: RV32core__GB1, 
reg__81: RV32core__GB1, 
logic__1706: FU_mem, 
reg__62: RV32core__GB1, 
reg__200: FU_mem, 
logic__2344: FU_mem, 
logic__2363: FU_mem, 
muxpart__293: FU_mem, 
reg__211: FU_mem, 
case__402: FU_mem, 
logic__1556: FU_mem, 
case__437: top__GC0, 
muxpart__324: top__GC0, 
case__29: top__GC0, 
logic__1278: RV32core__GB1, 
reg__101: FU_mem, 
reg__18: top__GC0, 
case__343: FU_mem, 
datapath__78: top__GC0, 
logic__318: RV32core__GB1, 
case__57: top__GC0, 
logic__556: RV32core__GB1, 
case__203: RV32core__GB1, 
logic__2276: FU_mem, 
datapath__61: top__GC0, 
logic__1177: RV32core__GB1, 
logic__86: top__GC0, 
case__56: top__GC0, 
logic__2221: FU_mem, 
case__60: RV32core__GB1, 
logic__177: RV32core__GB1, 
logic__1683: FU_mem, 
logic__661: RV32core__GB1, 
case__409: FU_mem, 
case__282: FU_mem, 
logic__2132: FU_mem, 
reg__59: RV32core__GB1, 
case__425: top__GC0, 
logic__2644: top__GC0, 
case__28: top__GC0, 
case__92: RV32core__GB1, 
reg__117: FU_mem, 
logic__324: RV32core__GB1, 
reg__147: FU_mem, 
case__367: FU_mem, 
muxpart__194: FU_mem, 
reg__10: top__GC0, 
case__374: FU_mem, 
case__432: top__GC0, 
logic__2493: RV32core__GB1, 
reg__91: RV32core__GB1, 
logic__1202: RV32core__GB1, 
muxpart__197: FU_mem, 
muxpart__39: RV32core__GB1, 
case__131: RV32core__GB1, 
logic__1811: FU_mem, 
logic__2000: FU_mem, 
logic__2321: FU_mem, 
reg__138: FU_mem, 
case__345: FU_mem, 
datapath__77: top__GC0, 
reg__80: RV32core__GB1, 
reg__154: FU_mem, 
muxpart__203: FU_mem, 
FU_div: RV32core__GB1, 
reg__22: RV32core__GB1, 
muxpart__92: FU_mem, 
muxpart__204: FU_mem, 
reg__42: RV32core__GB1, 
logic__2154: FU_mem, 
reg__179: FU_mem, 
reg__237: RV32core__GB1, 
logic__1265: RV32core__GB1, 
logic__766: RV32core__GB1, 
case__280: FU_mem, 
case__196: RV32core__GB1, 
reg__239: RV32core__GB1, 
case__328: FU_mem, 
logic__2534: top__GC0, 
muxpart__68: FU_mem, 
logic__247: RV32core__GB1, 
reg__82: RV32core__GB1, 
reg__51: RV32core__GB1, 
reg__174: FU_mem, 
case__110: RV32core__GB1, 
logic__2294: FU_mem, 
logic__1835: FU_mem, 
logic__1774: FU_mem, 
reg__30: RV32core__GB1, 
reg__243: RV32core__GB1, 
case__190: RV32core__GB1, 
reg__156: FU_mem, 
reg__34: RV32core__GB1, 
case__134: RV32core__GB1, 
logic__178: RV32core__GB1, 
case__393: FU_mem, 
logic__1576: FU_mem, 
datapath__67: top__GC0, 
reg__61: RV32core__GB1, 
logic__1913: FU_mem, 
case__410: FU_mem, 
datapath__32: RV32core__GB1, 
case__322: FU_mem, 
logic__388: RV32core__GB1, 
logic__2455: FU_mem, 
datapath__76: top__GC0, 
logic__829: RV32core__GB1, 
case__109: RV32core__GB1, 
reg__127: FU_mem, 
case__70: RV32core__GB1, 
logic__1896: FU_mem, 
case__301: FU_mem, 
logic__2157: FU_mem, 
logic__1192: RV32core__GB1, 
logic__2133: FU_mem, 
muxpart__53: FU_mem, 
logic__2375: FU_mem, 
reg__260: top__GC0, 
reg__265: top__GC0, 
FU_mem: FU_mem, 
reg__41: RV32core__GB1, 
FONT8_16: top__GC0, 
logic__70: top__GC0, 
reg__87: RV32core__GB1, 
case__202: RV32core__GB1, 
logic__2444: FU_mem, 
muxpart__130: FU_mem, 
logic__2653: top__GC0, 
logic__2489: RV32core__GB1, 
reg__172: FU_mem, 
logic__2412: FU_mem, 
logic__191: RV32core__GB1, 
logic__2626: top__GC0, 
logic__1251: RV32core__GB1, 
logic__2521: top__GC0, 
case__123: RV32core__GB1, 
logic__2069: FU_mem, 
muxpart__29: top__GC0, 
muxpart__314: FU_mem, 
muxpart__140: FU_mem, 
case__350: FU_mem, 
logic__2629: top__GC0, 
case__188: RV32core__GB1, 
reg__126: FU_mem, 
reg__220: FU_mem, 
reg__37: RV32core__GB1, 
reg__66: RV32core__GB1, 
case__238: FU_mem, 
reg__195: FU_mem, 
logic__1804: FU_mem, 
CtrlUnit: RV32core__GB1, 
case__209: RV32core__GB1, 
logic__2566: top__GC0, 
muxpart__249: FU_mem, 
reg__1: top__GC0, 
case__228: RV32core__GB1, 
logic__154: RV32core__GB1, 
logic__850: RV32core__GB1, 
logic__1241: RV32core__GB1, 
muxpart__213: FU_mem, 
logic__74: top__GC0, 
case__111: RV32core__GB1, 
reg__223: FU_mem, 
reg__210: FU_mem, 
logic__1250: RV32core__GB1, 
case__255: FU_mem, 
logic__2618: top__GC0, 
case__181: RV32core__GB1, 
case__199: RV32core__GB1, 
case__439: top__GC0, 
logic__1600: FU_mem, 
case__351: FU_mem, 
reg__49: RV32core__GB1, 
case__276: FU_mem, 
logic__2408: FU_mem, 
muxpart__106: FU_mem, 
datapath__9: RV32core__GB1, 
case__243: FU_mem, 
case__214: RV32core__GB1, 
logic__2591: top__GC0, 
case__212: RV32core__GB1, 
muxpart__86: FU_mem, 
logic__2411: FU_mem, 
logic__2259: FU_mem, 
muxpart__63: FU_mem, 
reg__104: FU_mem, 
logic__1642: FU_mem, 
logic__1845: FU_mem, 
case__122: RV32core__GB1, 
case__201: RV32core__GB1, 
case__182: RV32core__GB1, 
muxpart__230: FU_mem, 
logic__2101: FU_mem, 
reg__100: RV32core__GB1, 
reg__9: top__GC0, 
case__382: FU_mem, 
case__225: RV32core__GB1, 
case__86: RV32core__GB1, 
muxpart__45: RV32core__GB1, 
reg: top__GC0, 
datapath__27: RV32core__GB1, 
case__124: RV32core__GB1, 
logic__1249: RV32core__GB1, 
case__250: FU_mem, 
muxpart__282: FU_mem, 
datapath__29: RV32core__GB1, 
muxpart__210: FU_mem, 
logic__237: RV32core__GB1, 
case__391: FU_mem, 
case__360: FU_mem, 
ROM_D: RV32core__GB1, 
muxpart__182: FU_mem, 
case__361: FU_mem, 
logic__2181: FU_mem, 
case__324: FU_mem, 
reg__207: FU_mem, 
case__405: FU_mem, 
case__24: top__GC0, 
reg__235: RV32core__GB1, 
case__98: RV32core__GB1, 
case__150: RV32core__GB1, 
logic__2615: top__GC0, 
muxpart__70: FU_mem, 
reg__77: RV32core__GB1, 
reg__228: FU_mem, 
muxpart__190: FU_mem, 
reg__255: top__GC0, 
my_clk_gen: top__GC0, 
case__176: RV32core__GB1, 
logic__1969: FU_mem, 
case__339: FU_mem, 
case__288: FU_mem, 
case__286: FU_mem, 
case__418: top__GC0, 
datapath__16: RV32core__GB1, 
case__101: RV32core__GB1, 
case__71: RV32core__GB1, 
case__379: FU_mem, 
logic__1606: FU_mem, 
case__268: FU_mem, 
logic__2605: top__GC0, 
muxpart__128: FU_mem, 
case__252: FU_mem, 
logic__151: RV32core__GB1, 
case__247: FU_mem, 
case__23: top__GC0, 
muxpart__297: FU_mem, 
muxpart__256: FU_mem, 
muxpart__245: FU_mem, 
logic__1261: RV32core__GB1, 
reg__19: RV32core__GB1, 
case__143: RV32core__GB1, 
datapath__33: RV32core__GB1, 
logic__2638: top__GC0, 
logic__934: RV32core__GB1, 
case__303: FU_mem, 
parallel2serial__parameterized0: top__GC0, 
case__220: RV32core__GB1, 
logic__2204: FU_mem, 
reg__95: RV32core__GB1, 
case__287: FU_mem, 
datapath__38: RV32core__GB1, 
muxpart__69: FU_mem, 
logic__2008: FU_mem, 
reg__97: RV32core__GB1, 
reg__158: FU_mem, 
logic__2092: FU_mem, 
case__144: RV32core__GB1, 
logic__1693: FU_mem, 
logic__1262: RV32core__GB1, 
muxpart__228: FU_mem, 
reg__7: top__GC0, 
muxpart__269: FU_mem, 
muxpart__79: FU_mem, 
logic__2586: top__GC0, 
muxpart__137: FU_mem, 
logic__175: RV32core__GB1, 
logic__493: RV32core__GB1, 
case__156: RV32core__GB1, 
muxpart__20: top__GC0, 
muxpart__156: FU_mem, 
logic__1700: FU_mem, 
logic__194: RV32core__GB1, 
case__422: top__GC0, 
logic__577: RV32core__GB1, 
muxpart__46: RV32core__GB1, 
reg__261: top__GC0, 
case__424: top__GC0, 
case__83: RV32core__GB1, 
logic__1248: RV32core__GB1, 
case__217: RV32core__GB1, 
muxpart__96: FU_mem, 
muxpart__290: FU_mem, 
case__77: RV32core__GB1, 
case__241: FU_mem, 
logic__2329: FU_mem, 
logic__1827: FU_mem, 
case__293: FU_mem, 
reg__93: RV32core__GB1, 
muxpart__14: top__GC0, 
logic__143: RV32core__GB1, 
case__403: FU_mem, 
logic__185: RV32core__GB1, 
logic__2054: FU_mem, 
add_32: RV32core__GB1, FU_mem, 
reg__96: RV32core__GB1, 
case__239: FU_mem, 
logic__2018: FU_mem, 
logic__2140: FU_mem, 
logic__1207: RV32core__GB1, 
reg__150: FU_mem, 
muxpart__178: FU_mem, 
muxpart__325: top__GC0, 
datapath__54: top__GC0, 
muxpart__91: FU_mem, 
logic__1868: FU_mem, 
reg__16: top__GC0, 
muxpart__154: FU_mem, 
reg__46: RV32core__GB1, 
reg__204: FU_mem, 
case__80: RV32core__GB1, 
reg__190: FU_mem, 
RV32core__GB1: RV32core__GB1, 
datapath__30: RV32core__GB1, 
logic__2503: RV32core__GB1, 
logic__1788: FU_mem, 
muxpart__81: FU_mem, 
case__435: top__GC0, 
reg__171: FU_mem, 
logic__2650: top__GC0, 
case__355: FU_mem, 
muxpart__201: FU_mem, 
logic__1297: RV32core__GB1, 
case__138: RV32core__GB1, 
logic__2557: top__GC0, 
muxpart__134: FU_mem, 
case__136: RV32core__GB1, 
muxpart__167: FU_mem, 
logic__1218: RV32core__GB1, 
case__373: FU_mem, 
muxpart__187: FU_mem, 
muxpart__212: FU_mem, 
muxpart__302: FU_mem, 
case__191: RV32core__GB1, 
muxpart__135: FU_mem, 
case__385: FU_mem, 
logic__2492: RV32core__GB1, 
logic__1756: FU_mem, 
logic__96: top__GC0, 
muxpart__136: FU_mem, 
reg__121: FU_mem, 
case__128: RV32core__GB1, 
logic__2355: FU_mem, 
logic__1307: FU_mem, 
logic__1257: RV32core__GB1, 
logic__2422: FU_mem, 
muxpart__133: FU_mem, 
logic__2539: top__GC0, 
reg__12: top__GC0, 
case__200: RV32core__GB1, 
logic__2238: FU_mem, 
muxpart__117: FU_mem, 
logic__2337: FU_mem, 
case__32: top__GC0, 
reg__123: FU_mem, 
muxpart__17: top__GC0, 
datapath__2: top__GC0, 
muxpart__238: FU_mem, 
muxpart__37: top__GC0, 
muxpart__174: FU_mem, 
parallel2serial: top__GC0, 
reg__152: FU_mem, 
logic__1645: FU_mem, 
logic__224: RV32core__GB1, 
case__85: RV32core__GB1, 
logic__40: top__GC0, 
logic__2003: FU_mem, 
case__394: FU_mem, 
logic__1573: FU_mem, 
logic__430: RV32core__GB1, 
muxpart__326: top__GC0, 
logic__1724: FU_mem, 
case__315: FU_mem, 
case__62: RV32core__GB1, 
case__411: FU_mem, 
case__251: FU_mem, 
logic__1271: RV32core__GB1, 
logic__2216: FU_mem, 
muxpart__316: FU_mem, 
logic__913: RV32core__GB1, 
logic__2059: FU_mem, 
case__380: FU_mem, 
reg__216: FU_mem, 
case__231: RV32core__GB1, 
muxpart__38: RV32core__GB1, 
reg__170: FU_mem, 
logic__2112: FU_mem, 
logic__1795: FU_mem, 
case__317: FU_mem, 
logic__183: RV32core__GB1, 
logic__320: RV32core__GB1, 
case__169: RV32core__GB1, 
case__408: FU_mem, 
reg__191: FU_mem, 
muxpart__173: FU_mem, 
reg__58: RV32core__GB1, 
logic__2426: FU_mem, 
muxpart__255: FU_mem, 
logic__808: RV32core__GB1, 
muxpart__277: FU_mem, 
muxpart__306: FU_mem, 
reg__194: FU_mem, 
RAM_B: FU_mem, 
logic__2570: top__GC0, 
logic__2148: FU_mem, 
logic__535: RV32core__GB1, 
datapath__52: RV32core__GB1, 
reg__118: FU_mem, 
case__64: RV32core__GB1, 
reg__11: top__GC0, 
muxpart__78: FU_mem, 
muxpart__292: FU_mem, 
logic__2281: FU_mem, 
muxpart__186: FU_mem, 
logic__157: RV32core__GB1, 
logic__2619: top__GC0, 
muxpart__272: FU_mem, 
muxpart__168: FU_mem, 
case__113: RV32core__GB1, 
case__420: top__GC0, 
muxpart__67: FU_mem, 
muxpart__165: FU_mem, 
logic__226: RV32core__GB1, 
case__117: RV32core__GB1, 
datapath__69: top__GC0, 
logic__1821: FU_mem, 
logic__1919: FU_mem, 
logic__140: RV32core__GB1, 
reg__2: top__GC0, 
logic__1582: FU_mem, 
muxpart__243: FU_mem, 
reg__164: FU_mem, 
case__327: FU_mem, 
muxpart__23: top__GC0, 
case__120: RV32core__GB1, 
datapath__51: RV32core__GB1, 
case__237: FU_mem, 
reg__27: RV32core__GB1, 
reg__214: FU_mem, 
logic__2659: top__GC0, 
reg__47: RV32core__GB1, 
muxpart__215: FU_mem, 
logic__142: RV32core__GB1, 
muxpart__60: FU_mem, 
logic__1243: RV32core__GB1, 
logic__170: RV32core__GB1, 
reg__262: top__GC0, 
logic__1997: FU_mem, 
case__271: FU_mem, 
divider: RV32core__GB1, 
reg__20: RV32core__GB1, 
datapath__22: RV32core__GB1, 
logic__2163: FU_mem, 
muxpart__139: FU_mem, 
logic__1421: FU_mem, 
logic__2569: top__GC0, 
logic__190: RV32core__GB1, 
case__419: top__GC0, 
reg__71: RV32core__GB1, 
logic__2066: FU_mem, 
logic__136: RV32core__GB1, 
reg__65: RV32core__GB1, 
logic__2469: RV32core__GB1, 
muxpart__296: FU_mem, 
logic__2573: top__GC0, 
datapath__53: RV32core__GB1, 
logic__2004: FU_mem, 
case__69: RV32core__GB1, 
logic__2268: FU_mem, 
muxpart__176: FU_mem, 
case__87: RV32core__GB1, 
reg__192: FU_mem, 
muxpart__309: FU_mem, 
logic__1255: RV32core__GB1, 
case__263: FU_mem, 
logic__165: RV32core__GB1, 
muxpart__76: FU_mem, 
reg__247: RV32core__GB1, 
muxpart__232: FU_mem, 
reg__99: RV32core__GB1, 
reg__114: FU_mem, 
logic__272: RV32core__GB1, 
reg__128: FU_mem, 
logic__81: top__GC0, 
logic__1104: RV32core__GB1, 
logic__1266: RV32core__GB1, 
logic__1205: RV32core__GB1, 
case__386: FU_mem, 
logic__1814: FU_mem, 
reg__141: FU_mem, 
reg__250: top__GC0, 
reg__230: FU_mem, 
logic__1947: FU_mem, 
logic__682: RV32core__GB1, 
datapath__15: RV32core__GB1, 
case__314: FU_mem, 
counter__1: top__GC0, 
logic__640: RV32core__GB1, 
reg__70: RV32core__GB1, 
logic__1233: RV32core__GB1, 
logic__2610: top__GC0, 
muxpart__191: FU_mem, 
reg__86: RV32core__GB1, 
muxpart__229: FU_mem, 
vga: top__GC0, 
muxpart__118: FU_mem, 
reg__135: FU_mem, 
reg__134: FU_mem, 
case__52: top__GC0, 
reg__39: RV32core__GB1, 
muxpart__247: FU_mem, 
reg__112: FU_mem, 
muxpart: top__GC0, 
muxpart__280: FU_mem, 
logic__2293: FU_mem, 
case__74: RV32core__GB1, 
logic__1699: FU_mem, 
case__93: RV32core__GB1, 
case__55: top__GC0, 
logic__1863: FU_mem, 
logic__218: RV32core__GB1, 
muxpart__89: FU_mem, 
case__300: FU_mem, 
case__417: top__GC0, 
case__141: RV32core__GB1, 
muxpart__159: FU_mem, 
case__265: FU_mem, 
logic__1792: FU_mem, 
case__296: FU_mem, 
case__127: RV32core__GB1, 
case__326: FU_mem, 
logic__181: RV32core__GB1, 
logic__106: top__GC0, 
logic__1972: FU_mem, 
logic__2401: FU_mem, 
logic__871: RV32core__GB1, 
case__78: RV32core__GB1, 
muxpart__211: FU_mem, 
case__151: RV32core__GB1, 
datapath__28: RV32core__GB1, 
muxpart__150: FU_mem, 
logic__1770: FU_mem, 
logic__1730: FU_mem, 
case__30: top__GC0, 
logic__2535: top__GC0, 
reg__186: FU_mem, 
logic__205: RV32core__GB1, 
muxpart__171: FU_mem, 
case__290: FU_mem, 
ram__1: top__GC0, 
logic__1405: FU_mem, 
logic__1566: FU_mem, 
logic__2600: top__GC0, 
logic__2168: FU_mem, 
reg__108: FU_mem, 
muxpart__264: FU_mem, 
logic__2143: FU_mem, 
logic__2415: FU_mem, 
logic__2035: FU_mem, 
muxpart__102: FU_mem, 
logic__2188: FU_mem, 
reg__73: RV32core__GB1, 
muxpart__164: FU_mem, 
case__332: FU_mem, 
reg__148: FU_mem, 
logic__1957: FU_mem, 
logic__198: RV32core__GB1, 
case__378: FU_mem, 
case__184: RV32core__GB1, 
reg__173: FU_mem, 
muxpart__184: FU_mem, 
reg__45: RV32core__GB1, 
reg__131: FU_mem, 
muxpart__120: FU_mem, 
logic__168: RV32core__GB1, 
logic__1264: RV32core__GB1, 
case__95: RV32core__GB1, 
case__72: RV32core__GB1, 
logic__1666: FU_mem, 
case__10: top__GC0, 
logic__1267: RV32core__GB1, 
logic__2317: FU_mem, 
logic__1112: RV32core__GB1, 
datapath__10: RV32core__GB1, 
logic__2583: top__GC0, 
logic__1975: FU_mem, 
logic__189: RV32core__GB1, 
logic__2390: FU_mem, 
case__206: RV32core__GB1, 
muxpart__105: FU_mem, 
case__278: FU_mem, 
case__180: RV32core__GB1, 
reg__240: RV32core__GB1, 
logic__1891: FU_mem, 
muxpart__206: FU_mem, 
datapath__21: RV32core__GB1, 
case__170: RV32core__GB1, 
muxpart__147: FU_mem, 
case__384: FU_mem, 
reg__132: FU_mem, 
logic__1270: RV32core__GB1, 
case__283: FU_mem, 
logic__1260: RV32core__GB1, 
logic__2176: FU_mem, 
logic__1709: FU_mem, 
REG_IF_IS: RV32core__GB1, 
reg__116: FU_mem, 
muxpart__307: FU_mem, 
logic__2314: FU_mem, 
case__112: RV32core__GB1, 
muxpart__226: FU_mem, 
case__372: FU_mem, 
case__348: FU_mem, 
logic__787: RV32core__GB1, 
logic__1609: FU_mem, 
logic__2360: FU_mem, 
logic__39: top__GC0, 
logic__2280: FU_mem, 
case__436: top__GC0, 
muxpart__177: FU_mem, 
logic__2060: FU_mem, 
reg__178: FU_mem, 
muxpart__54: FU_mem, 
case__96: RV32core__GB1, 
reg__181: FU_mem, 
logic__1988: FU_mem, 
reg__120: FU_mem, 
muxpart__141: FU_mem, 
FU_jump: RV32core__GB1, 
muxpart__317: FU_mem, 
cmp_32: RV32core__GB1, 
case__401: FU_mem, 
case__94: RV32core__GB1, 
logic__1599: FU_mem, 
reg__201: FU_mem, 
datapath__47: RV32core__GB1, 
muxpart__235: FU_mem, 
logic__1753: FU_mem, 
logic__2028: FU_mem, 
logic__1308: FU_mem, 
logic__2368: FU_mem, 
logic__115: top__GC0, 
case__31: top__GC0, 
case__414: RV32core__GB1, 
muxpart__321: FU_mem, 
case__219: RV32core__GB1, 
case__259: FU_mem, 
case__205: RV32core__GB1, 
datapath__31: RV32core__GB1, 
logic__1660: FU_mem, 
logic__129: RV32core__GB1, 
muxpart__246: FU_mem, 
case__79: RV32core__GB1, 
case__368: FU_mem, 
logic__1908: FU_mem, 
reg__50: RV32core__GB1, 
reg__199: FU_mem, 
case__167: RV32core__GB1, 
case__291: FU_mem, 
reg__64: RV32core__GB1, 
reg__162: FU_mem, 
case__254: FU_mem, 
logic__2044: FU_mem, 
logic__2171: FU_mem, 
counter: top__GC0, 
case__135: RV32core__GB1, 
reg__55: RV32core__GB1, 
reg__24: RV32core__GB1, 
case__216: RV32core__GB1, 
muxpart__273: FU_mem, 
logic__2419: FU_mem, 
logic__316: RV32core__GB1, 
logic__2098: FU_mem, 
logic__203: RV32core__GB1, 
case__171: RV32core__GB1, 
logic__409: RV32core__GB1, 
logic__1583: FU_mem, 
case__264: FU_mem, 
datapath__43: RV32core__GB1, 
case__155: RV32core__GB1, 
logic__1247: RV32core__GB1, 
case__364: FU_mem, 
logic__1245: RV32core__GB1, 
reg__92: RV32core__GB1, 
reg__157: FU_mem, 
logic__1635: FU_mem, 
case__104: RV32core__GB1, 
muxpart__144: FU_mem, 
reg__40: RV32core__GB1, 
muxpart__50: FU_mem, 
reg__202: FU_mem, 
reg__176: FU_mem, 
reg__151: FU_mem, 
logic__1665: FU_mem, 
muxpart__254: FU_mem, 
muxpart__143: FU_mem, 
muxpart__35: top__GC0, 
muxpart__257: FU_mem, 
case__88: RV32core__GB1, 
case__297: FU_mem, 
muxpart__108: FU_mem, 
reg__105: FU_mem, 
datapath__36: RV32core__GB1, 
logic__2512: top__GC0, 
reg__226: FU_mem, 
logic__1992: FU_mem, 
logic__2433: FU_mem, 
logic__2326: FU_mem, 
muxpart__319: FU_mem, 
logic__201: RV32core__GB1, 
case__320: FU_mem, 
case__159: RV32core__GB1, 
reg__28: RV32core__GB1, 
case__359: FU_mem, 
REG32: RV32core__GB1, 
reg__203: FU_mem, 
case__413: RV32core__GB1, 
muxpart__266: FU_mem, 
logic__1563: FU_mem, 
logic__36: top__GC0, 
reg__15: top__GC0, 
case__289: FU_mem, 
muxpart__265: FU_mem, 
muxpart__94: FU_mem, 
datapath__20: RV32core__GB1, 
logic__10: top__GC0, 
muxpart__274: FU_mem, 
muxpart__34: top__GC0, 
case__154: RV32core__GB1, 
logic__1208: RV32core__GB1, 
