#-----------------------------------------------------------
# Vivado v2020.2 (64-bit)
# SW Build 3064766 on Wed Nov 18 09:12:45 MST 2020
# IP Build 3064653 on Wed Nov 18 14:17:31 MST 2020
# Start of session at: Mon Nov 29 09:05:06 2021
# Process ID: 13760
# Current directory: E:/arch_labs_2021/lab5/Exp5/Exp5
# Command line: vivado.exe -gui_launcher_event rodinguilauncherevent8236 E:\arch_labs_2021\lab5\Exp5\Exp5\Exp5.xpr
# Log file: E:/arch_labs_2021/lab5/Exp5/Exp5/vivado.log
# Journal file: E:/arch_labs_2021/lab5/Exp5/Exp5\vivado.jou
#-----------------------------------------------------------
start_gui
open_project E:/arch_labs_2021/lab5/Exp5/Exp5/Exp5.xpr
update_compile_order -fileset sources_1
launch_simulation
open_wave_config E:/arch_labs_2021/lab5/Exp5/Exp5/code/sim/core_sim_behav.wcfg
source core_sim.tcl
current_wave_config {core_sim_behav.wcfg}
add_wave {{/core_sim/core/register/Wt_addr}} 
save_wave_config {E:/arch_labs_2021/lab5/Exp5/Exp5/code/sim/core_sim_behav.wcfg}
save_wave_config {E:/arch_labs_2021/lab5/Exp5/Exp5/code/sim/core_sim_behav.wcfg}
