#-----------------------------------------------------------
# Vivado v2020.2 (64-bit)
# SW Build 3064766 on Wed Nov 18 09:12:45 MST 2020
# IP Build 3064653 on Wed Nov 18 14:17:31 MST 2020
# Start of session at: Sat Nov 27 08:39:51 2021
# Process ID: 21988
# Current directory: E:/arch_labs_2021/lab5/Exp5/Exp5
# Command line: vivado.exe -gui_launcher_event rodinguilauncherevent22508 E:\arch_labs_2021\lab5\Exp5\Exp5\Exp5.xpr
# Log file: E:/arch_labs_2021/lab5/Exp5/Exp5/vivado.log
# Journal file: E:/arch_labs_2021/lab5/Exp5/Exp5\vivado.jou
#-----------------------------------------------------------
start_gui
open_project E:/arch_labs_2021/lab5/Exp5/Exp5/Exp5.xpr
update_compile_order -fileset sources_1
launch_simulation
open_wave_config E:/arch_labs_2021/lab5/Exp5/Exp5/code/sim/core_sim_behav.wcfg
source core_sim.tcl
current_wave_config {core_sim_behav.wcfg}
add_wave {{/core_sim/core/register/register}} 
save_wave_config {E:/arch_labs_2021/lab5/Exp5/Exp5/code/sim/core_sim_behav.wcfg}
close_sim
launch_simulation
open_wave_config E:/arch_labs_2021/lab5/Exp5/Exp5/code/sim/core_sim_behav.wcfg
source core_sim.tcl
close_sim
launch_simulation
open_wave_config E:/arch_labs_2021/lab5/Exp5/Exp5/code/sim/core_sim_behav.wcfg
source core_sim.tcl
current_wave_config {core_sim_behav.wcfg}
add_wave {{/core_sim/core/ju/rs1_data}} 
current_wave_config {core_sim_behav.wcfg}
add_wave {{/core_sim/core/ju/rs2_data}} 
current_wave_config {core_sim_behav.wcfg}
add_wave {{/core_sim/core/ju/rs1_data_reg}} {{/core_sim/core/ju/rs2_data_reg}} {{/core_sim/core/ju/imm_reg}} {{/core_sim/core/ju/PC_reg}} 
current_wave_config {core_sim_behav.wcfg}
add_wave {{/core_sim/core/ju/PC_jump}} {{/core_sim/core/ju/PC_wb}} 
current_wave_config {core_sim_behav.wcfg}
add_wave {{/core_sim/core/ju/JALR}} {{/core_sim/core/ju/JALR_reg}} 
save_wave_config {E:/arch_labs_2021/lab5/Exp5/Exp5/code/sim/core_sim_behav.wcfg}
close_sim
launch_simulation
open_wave_config E:/arch_labs_2021/lab5/Exp5/Exp5/code/sim/core_sim_behav.wcfg
source core_sim.tcl
close_sim
