#-----------------------------------------------------------
# Vivado v2020.2 (64-bit)
# SW Build 3064766 on Wed Nov 18 09:12:45 MST 2020
# IP Build 3064653 on Wed Nov 18 14:17:31 MST 2020
# Start of session at: Fri Oct  8 23:47:10 2021
# Process ID: 24368
# Current directory: E:/arch_labs_2021/lab1/Exp1/Exp1
# Command line: vivado.exe -gui_launcher_event rodinguilauncherevent19480 E:\arch_labs_2021\lab1\Exp1\Exp1\Exp1.xpr
# Log file: E:/arch_labs_2021/lab1/Exp1/Exp1/vivado.log
# Journal file: E:/arch_labs_2021/lab1/Exp1/Exp1\vivado.jou
#-----------------------------------------------------------
start_gui
open_project E:/arch_labs_2021/lab1/Exp1/Exp1/Exp1.xpr
update_compile_order -fileset sources_1
launch_simulation
open_wave_config E:/arch_labs_2021/lab1/Exp1/Exp1/code/sim/core_sim_behav.wcfg
source core_sim.tcl
save_wave_config {E:/arch_labs_2021/lab1/Exp1/Exp1/code/sim/core_sim_behav.wcfg}
save_wave_config {E:/arch_labs_2021/lab1/Exp1/Exp1/code/sim/core_sim_behav.wcfg}
save_wave_config {E:/arch_labs_2021/lab1/Exp1/Exp1/code/sim/core_sim_behav.wcfg}
current_wave_config {core_sim_behav.wcfg}
add_wave {{/core_sim/core/hazard_unit}} 
save_wave_config {E:/arch_labs_2021/lab1/Exp1/Exp1/code/sim/core_sim_behav.wcfg}
close_sim
launch_simulation
open_wave_config E:/arch_labs_2021/lab1/Exp1/Exp1/code/sim/core_sim_behav.wcfg
source core_sim.tcl
close_sim
launch_simulation
open_wave_config E:/arch_labs_2021/lab1/Exp1/Exp1/code/sim/core_sim_behav.wcfg
source core_sim.tcl
close_sim
launch_simulation
open_wave_config E:/arch_labs_2021/lab1/Exp1/Exp1/code/sim/core_sim_behav.wcfg
source core_sim.tcl
close_sim
launch_simulation
open_wave_config E:/arch_labs_2021/lab1/Exp1/Exp1/code/sim/core_sim_behav.wcfg
source core_sim.tcl
close_sim
launch_simulation
open_wave_config E:/arch_labs_2021/lab1/Exp1/Exp1/code/sim/core_sim_behav.wcfg
source core_sim.tcl
close_sim
launch_simulation
open_wave_config E:/arch_labs_2021/lab1/Exp1/Exp1/code/sim/core_sim_behav.wcfg
source core_sim.tcl
close_sim
launch_simulation
open_wave_config E:/arch_labs_2021/lab1/Exp1/Exp1/code/sim/core_sim_behav.wcfg
source core_sim.tcl
close_sim
launch_simulation
open_wave_config E:/arch_labs_2021/lab1/Exp1/Exp1/code/sim/core_sim_behav.wcfg
source core_sim.tcl
close_sim
launch_simulation
open_wave_config E:/arch_labs_2021/lab1/Exp1/Exp1/code/sim/core_sim_behav.wcfg
source core_sim.tcl
save_wave_config {E:/arch_labs_2021/lab1/Exp1/Exp1/code/sim/core_sim_behav.wcfg}
close_sim
launch_simulation
open_wave_config E:/arch_labs_2021/lab1/Exp1/Exp1/code/sim/core_sim_behav.wcfg
source core_sim.tcl
close_sim
launch_simulation
open_wave_config E:/arch_labs_2021/lab1/Exp1/Exp1/code/sim/core_sim_behav.wcfg
source core_sim.tcl
save_wave_config {E:/arch_labs_2021/lab1/Exp1/Exp1/code/sim/core_sim_behav.wcfg}
close_sim
launch_simulation
open_wave_config E:/arch_labs_2021/lab1/Exp1/Exp1/code/sim/core_sim_behav.wcfg
source core_sim.tcl
close_sim
launch_simulation
open_wave_config E:/arch_labs_2021/lab1/Exp1/Exp1/code/sim/core_sim_behav.wcfg
source core_sim.tcl
close_sim
launch_simulation
open_wave_config E:/arch_labs_2021/lab1/Exp1/Exp1/code/sim/core_sim_behav.wcfg
source core_sim.tcl
close_sim
launch_simulation
open_wave_config E:/arch_labs_2021/lab1/Exp1/Exp1/code/sim/core_sim_behav.wcfg
source core_sim.tcl
close_sim
launch_simulation
open_wave_config E:/arch_labs_2021/lab1/Exp1/Exp1/code/sim/core_sim_behav.wcfg
source core_sim.tcl
close_sim
launch_simulation
open_wave_config E:/arch_labs_2021/lab1/Exp1/Exp1/code/sim/core_sim_behav.wcfg
source core_sim.tcl
update_compile_order -fileset sources_1
update_compile_order -fileset sources_1
close_sim
launch_simulation
open_wave_config E:/arch_labs_2021/lab1/Exp1/Exp1/code/sim/core_sim_behav.wcfg
source core_sim.tcl
close_sim
launch_simulation
open_wave_config E:/arch_labs_2021/lab1/Exp1/Exp1/code/sim/core_sim_behav.wcfg
source core_sim.tcl
close_sim
launch_simulation
open_wave_config E:/arch_labs_2021/lab1/Exp1/Exp1/code/sim/core_sim_behav.wcfg
source core_sim.tcl
close_sim
launch_simulation
open_wave_config E:/arch_labs_2021/lab1/Exp1/Exp1/code/sim/core_sim_behav.wcfg
source core_sim.tcl
close_sim
launch_simulation
open_wave_config E:/arch_labs_2021/lab1/Exp1/Exp1/code/sim/core_sim_behav.wcfg
source core_sim.tcl
close_sim
launch_simulation
open_wave_config E:/arch_labs_2021/lab1/Exp1/Exp1/code/sim/core_sim_behav.wcfg
source core_sim.tcl
close_sim
reset_run synth_1
launch_runs synth_1 -jobs 4
wait_on_run synth_1
